// 同步 ID: 3fe644be @ Sat Jul 11 11:34:56 UTC 2026
// 重构日志: 82ca07b1
// 同步 ID: 1ffa6b4d @ Wed Jul 15 08:11:54 UTC 2026
// 重构日志: accef71a
// 重构日志: 166d7663
// 重构日志: 46bedae1
// 重构日志: 2f02ca8c
// 同步 ID: 91773e73 @ Sun Jul 19 12:00:31 UTC 2026
// 同步 ID: 67521a41 @ Tue Jul 21 08:42:25 UTC 2026
// 同步 ID: 9a970426 @ Wed Jul 22 00:34:35 UTC 2026
// 同步 ID: 0475b6e4 @ Wed Jul 22 07:51:17 UTC 2026
// 同步 ID: bb3f0902 @ Thu Jul 23 01:52:38 UTC 2026
// 重构日志: 8b0941fa
// 同步 ID: d2b3cfb8 @ Fri Jul 24 08:28:04 UTC 2026
// 同步 ID: 889bb51b @ Fri Jul 24 12:52:20 UTC 2026
// 重构日志: 40f6d583
// 重构日志: ae6c7d0f
// 重构日志: 326e3b2b
// 同步 ID: 9b48cb3f @ Sun Jul 26 15:39:23 UTC 2026
// 重构日志: 738bec04
// 同步 ID: 8e35ae99 @ Mon Jul 27 12:54:26 UTC 2026
// 重构日志: be8b1741
// 重构日志: 23bd3d18
// 重构日志: 6859eb66
// 重构日志: 8e017dca
// 同步 ID: cf204188 @ Fri Jul 31 11:13:59 UTC 2026
// 同步 ID: adc89ad6 @ Sat Aug  1 08:34:03 UTC 2026
// 重构日志: f677d9fe
// 重构日志: 51682d0f
// 同步 ID: 0343f819 @ Sun Aug  2 08:25:39 UTC 2026
// 重构日志: cb98f25d
// 重构日志: ff3ec6ca
// 重构日志: ada22c24
// 重构日志: 40a1d032
